// Jest Snapshot v1, https://goo.gl/fbAQLP

exports[`Matches snapshot 1`] = `
<div
  className="StyledBox-sc-13pk1d4-0 jvmpif"
>
  <div
    className="StyledBox-sc-13pk1d4-0 gmiLjI"
  />
  <button
    className="StyledButton-sc-323bzc-0 hiNAcw"
    onBlur={[Function]}
    onClick={[Function]}
    onFocus={[Function]}
    onMouseOut={[Function]}
    onMouseOver={[Function]}
    type="button"
  >
    <svg
      aria-label="Performance"
      className="StyledIcon-sc-ofa7kd-0 kKhdEN"
      viewBox="0 0 24 24"
    >
      <path
        d="m12 19-2 3-3-1-.5-3.5L3 17l-1-3 3-2-3-2 1-3 3.5-.5L7 3l3-1 2 3 2-3 3 1 .5 3.5L21 7l1 3-3 2 3 2-1 3-3.5.5L17 21l-3 1-2-3zm0-3a4 4 0 1 0 0-8 4 4 0 0 0 0 8z"
        fill="none"
        stroke="#000"
        strokeLinecap="round"
        strokeLinejoin="round"
        strokeWidth="2"
      />
    </svg>
  </button>
</div>
`;
